Loading checkpoint /mnt/lyj/workspace/StreamVGGT/ckpt/checkpoints.pth ...

======================================================================
DIAG: P1-v1cap chess/seq-03 f500 s0
======================================================================
{
  "budget_per_layer (headline ref)": 8000,
  "dynamic_budget_p10/p50/p90": [
    5803,
    7715,
    8966
  ],
  "frames_with_eviction": 493,
  "max_protected_count_any_frame": 7123,
  "max_protected_over_ref_budget (8000)": 0.89,
  "max_per_layer_ratio (worst protected/budget on any single layer)": 2.418,
  "first_frame_protected_ge_50pct_budget": 24,
  "first_frame_protected_ge_90pct_budget": null,
  "first_overflow_frame (per-record, protected>=that layer budget)": 26,
  "n_overflow_frames": 89,
  "overflow_rate (overflow_frames/eviction_frames)": 0.181,
  "first_5_overflow_frames": [
    26,
    27,
    34,
    35,
    42
  ],
  "config": "P1-v1cap",
  "scene": "chess/seq-03",
  "num_frames": 500,
  "seed": 0,
  "ate_rmse": 0.5137204527854919,
  "time_s": 646.7976622581482,
  "per_layer_budget": 8000
}

ATE=0.5137m  (0.8 FPS)
saved /path/to/mount/lyj/voxel-vggt/tools/p1_ablation_results_lyj/diag_P1-v1cap_chess_seq-03_f500_s0_f500.json
