[p2-f1000] starting on 4 5 6 7
  [09:35:35] GPU4 P2-w0.3 chess/seq-03 f1000 s0
  [09:35:35] GPU5 P2-w0.3 chess/seq-03 f1000 s1
  [09:35:35] GPU6 P2-w0.3 chess/seq-03 f1000 s2
  [09:35:35] GPU7 P2-w0.3 chess/seq-03 f1000 s3
  [10:19:58] GPU4 P2-w0.3 chess/seq-03 f1000 s4
  [10:19:58] GPU5 P2-w0.3 fire/seq-03 f1000 s0
  [10:19:58] GPU6 P2-w0.3 fire/seq-03 f1000 s1
  [10:19:58] GPU7 P2-w0.3 fire/seq-03 f1000 s2
  [11:06:16] GPU4 P2-w0.3 fire/seq-03 f1000 s3
  [11:06:16] GPU5 P2-w0.3 fire/seq-03 f1000 s4
  [11:06:16] GPU6 P2-w0.3 office/seq-03 f1000 s0
  [11:06:16] GPU7 P2-w0.3 office/seq-03 f1000 s1
  [11:57:40] GPU4 P2-w0.3 office/seq-03 f1000 s2
  [11:57:40] GPU5 P2-w0.3 office/seq-03 f1000 s3
  [11:57:40] GPU6 P2-w0.3 office/seq-03 f1000 s4
  [11:57:40] GPU7 P2-w0.3 redkitchen/seq-03 f1000 s0
  [12:45:35] GPU4 P2-w0.3 redkitchen/seq-03 f1000 s1
  [12:45:35] GPU5 P2-w0.3 redkitchen/seq-03 f1000 s2
  [12:45:35] GPU6 P2-w0.3 redkitchen/seq-03 f1000 s3
  [12:45:35] GPU7 P2-w0.3 redkitchen/seq-03 f1000 s4
  [13:32:38] GPU4 P2-w0.5 chess/seq-03 f1000 s0
  [13:32:38] GPU5 P2-w0.5 chess/seq-03 f1000 s1
  [13:32:38] GPU6 P2-w0.5 chess/seq-03 f1000 s2
  [13:32:38] GPU7 P2-w0.5 chess/seq-03 f1000 s3
  [14:15:44] GPU4 P2-w0.5 chess/seq-03 f1000 s4
  [14:15:44] GPU5 P2-w0.5 fire/seq-03 f1000 s0
  [14:15:44] GPU6 P2-w0.5 fire/seq-03 f1000 s1
  [14:15:44] GPU7 P2-w0.5 fire/seq-03 f1000 s2
  [14:58:43] GPU4 P2-w0.5 fire/seq-03 f1000 s3
  [14:58:43] GPU5 P2-w0.5 fire/seq-03 f1000 s4
  [14:58:43] GPU6 P2-w0.5 office/seq-03 f1000 s0
  [14:58:43] GPU7 P2-w0.5 office/seq-03 f1000 s1
  [15:45:11] GPU4 P2-w0.5 office/seq-03 f1000 s2
  [15:45:11] GPU5 P2-w0.5 office/seq-03 f1000 s3
  [15:45:11] GPU6 P2-w0.5 office/seq-03 f1000 s4
  [15:45:11] GPU7 P2-w0.5 redkitchen/seq-03 f1000 s0
  [skip] P2-w0.5 redkitchen/seq-03 f1000 s0 (exists)
  [skip] P2-w0.5 office/seq-03 f1000 s4 (exists)
  [skip] P2-w0.5 office/seq-03 f1000 s3 (exists)
  [skip] P2-w0.5 office/seq-03 f1000 s2 (exists)
  [15:45:11] GPU4 P2-w0.5 redkitchen/seq-03 f1000 s1
  [15:45:11] GPU5 P2-w0.5 redkitchen/seq-03 f1000 s2
  [15:45:11] GPU6 P2-w0.5 redkitchen/seq-03 f1000 s3
  [15:45:11] GPU7 P2-w0.5 redkitchen/seq-03 f1000 s4
  [17:03:41] GPU4 P2-w0.7 chess/seq-03 f1000 s0
  [17:03:41] GPU5 P2-w0.7 chess/seq-03 f1000 s1
  [17:03:41] GPU6 P2-w0.7 chess/seq-03 f1000 s2
  [17:03:41] GPU7 P2-w0.7 chess/seq-03 f1000 s3
  [17:46:23] GPU4 P2-w0.7 chess/seq-03 f1000 s4
  [17:46:23] GPU5 P2-w0.7 fire/seq-03 f1000 s0
  [17:46:23] GPU6 P2-w0.7 fire/seq-03 f1000 s1
  [17:46:23] GPU7 P2-w0.7 fire/seq-03 f1000 s2
  [18:30:07] GPU4 P2-w0.7 fire/seq-03 f1000 s3
  [18:30:07] GPU5 P2-w0.7 fire/seq-03 f1000 s4
  [18:30:07] GPU6 P2-w0.7 office/seq-03 f1000 s0
  [18:30:07] GPU7 P2-w0.7 office/seq-03 f1000 s1
  [19:13:10] GPU4 P2-w0.7 office/seq-03 f1000 s2
  [19:13:10] GPU5 P2-w0.7 office/seq-03 f1000 s3
  [19:13:10] GPU6 P2-w0.7 office/seq-03 f1000 s4
  [19:13:10] GPU7 P2-w0.7 redkitchen/seq-03 f1000 s0
  [19:55:53] GPU4 P2-w0.7 redkitchen/seq-03 f1000 s1
  [19:55:53] GPU5 P2-w0.7 redkitchen/seq-03 f1000 s2
  [19:55:53] GPU6 P2-w0.7 redkitchen/seq-03 f1000 s3
  [19:55:53] GPU7 P2-w0.7 redkitchen/seq-03 f1000 s4
[p2-f1000] done. f1000 JSONs: 60
