[p2-f1000] starting on 0 1 2 3
  [15:00:08] GPU0 P2-w0.3 chess/seq-03 f1000 s0
  [15:00:08] GPU1 P2-w0.3 chess/seq-03 f1000 s1
  [15:00:08] GPU2 P2-w0.3 chess/seq-03 f1000 s2
  [15:00:08] GPU3 P2-w0.3 chess/seq-03 f1000 s3
  [skip] P2-w0.3 chess/seq-03 f1000 s0 (exists)
  [skip] P2-w0.3 chess/seq-03 f1000 s1 (exists)
  [skip] P2-w0.3 chess/seq-03 f1000 s3 (exists)
  [skip] P2-w0.3 chess/seq-03 f1000 s2 (exists)
  [15:00:08] GPU0 P2-w0.3 chess/seq-03 f1000 s4
  [15:00:08] GPU1 P2-w0.3 fire/seq-03 f1000 s0
  [15:00:08] GPU2 P2-w0.3 fire/seq-03 f1000 s1
  [15:00:08] GPU3 P2-w0.3 fire/seq-03 f1000 s2
  [skip] P2-w0.3 chess/seq-03 f1000 s4 (exists)
  [skip] P2-w0.3 fire/seq-03 f1000 s0 (exists)
  [skip] P2-w0.3 fire/seq-03 f1000 s1 (exists)
  [skip] P2-w0.3 fire/seq-03 f1000 s2 (exists)
  [15:00:08] GPU0 P2-w0.3 fire/seq-03 f1000 s3
  [15:00:08] GPU1 P2-w0.3 fire/seq-03 f1000 s4
  [15:00:08] GPU2 P2-w0.3 office/seq-03 f1000 s0
  [15:00:08] GPU3 P2-w0.3 office/seq-03 f1000 s1
  [skip] P2-w0.3 fire/seq-03 f1000 s3 (exists)
  [skip] P2-w0.3 fire/seq-03 f1000 s4 (exists)
  [skip] P2-w0.3 office/seq-03 f1000 s0 (exists)
  [skip] P2-w0.3 office/seq-03 f1000 s1 (exists)
  [15:00:08] GPU0 P2-w0.3 office/seq-03 f1000 s2
  [15:00:08] GPU1 P2-w0.3 office/seq-03 f1000 s3
  [15:00:08] GPU2 P2-w0.3 office/seq-03 f1000 s4
  [15:00:08] GPU3 P2-w0.3 redkitchen/seq-03 f1000 s0
  [skip] P2-w0.3 office/seq-03 f1000 s2 (exists)
  [skip] P2-w0.3 office/seq-03 f1000 s3 (exists)
  [skip] P2-w0.3 office/seq-03 f1000 s4 (exists)
  [skip] P2-w0.3 redkitchen/seq-03 f1000 s0 (exists)
  [15:00:08] GPU0 P2-w0.3 redkitchen/seq-03 f1000 s1
  [15:00:08] GPU1 P2-w0.3 redkitchen/seq-03 f1000 s2
  [15:00:08] GPU2 P2-w0.3 redkitchen/seq-03 f1000 s3
  [15:00:08] GPU3 P2-w0.3 redkitchen/seq-03 f1000 s4
  [skip] P2-w0.3 redkitchen/seq-03 f1000 s2 (exists)
  [skip] P2-w0.3 redkitchen/seq-03 f1000 s3 (exists)
  [skip] P2-w0.3 redkitchen/seq-03 f1000 s1 (exists)
  [skip] P2-w0.3 redkitchen/seq-03 f1000 s4 (exists)
  [15:00:08] GPU0 P2-w0.5 chess/seq-03 f1000 s0
  [15:00:08] GPU1 P2-w0.5 chess/seq-03 f1000 s1
  [15:00:08] GPU2 P2-w0.5 chess/seq-03 f1000 s2
  [15:00:08] GPU3 P2-w0.5 chess/seq-03 f1000 s3
  [skip] P2-w0.5 chess/seq-03 f1000 s0 (exists)
  [skip] P2-w0.5 chess/seq-03 f1000 s2 (exists)
  [skip] P2-w0.5 chess/seq-03 f1000 s1 (exists)
  [skip] P2-w0.5 chess/seq-03 f1000 s3 (exists)
  [15:00:08] GPU0 P2-w0.5 chess/seq-03 f1000 s4
  [15:00:08] GPU1 P2-w0.5 fire/seq-03 f1000 s0
  [15:00:08] GPU2 P2-w0.5 fire/seq-03 f1000 s1
  [15:00:08] GPU3 P2-w0.5 fire/seq-03 f1000 s2
  [skip] P2-w0.5 fire/seq-03 f1000 s0 (exists)
  [skip] P2-w0.5 chess/seq-03 f1000 s4 (exists)
  [skip] P2-w0.5 fire/seq-03 f1000 s1 (exists)
  [skip] P2-w0.5 fire/seq-03 f1000 s2 (exists)
  [15:00:08] GPU0 P2-w0.5 fire/seq-03 f1000 s3
  [15:00:08] GPU1 P2-w0.5 fire/seq-03 f1000 s4
  [15:00:08] GPU2 P2-w0.5 office/seq-03 f1000 s0
  [15:00:08] GPU3 P2-w0.5 office/seq-03 f1000 s1
  [15:23:15] GPU0 P2-w0.5 office/seq-03 f1000 s2
  [15:23:15] GPU1 P2-w0.5 office/seq-03 f1000 s3
  [15:23:15] GPU2 P2-w0.5 office/seq-03 f1000 s4
  [15:23:15] GPU3 P2-w0.5 redkitchen/seq-03 f1000 s0
  [15:44:58] GPU0 P2-w0.5 redkitchen/seq-03 f1000 s1
  [15:44:58] GPU1 P2-w0.5 redkitchen/seq-03 f1000 s2
  [15:44:58] GPU2 P2-w0.5 redkitchen/seq-03 f1000 s3
  [15:44:58] GPU3 P2-w0.5 redkitchen/seq-03 f1000 s4
  [16:40:53] GPU0 P2-w0.7 chess/seq-03 f1000 s0
  [16:40:53] GPU1 P2-w0.7 chess/seq-03 f1000 s1
  [16:40:53] GPU2 P2-w0.7 chess/seq-03 f1000 s2
  [16:40:53] GPU3 P2-w0.7 chess/seq-03 f1000 s3
  [18:42:02] GPU0 P2-w0.7 chess/seq-03 f1000 s4
  [18:42:02] GPU1 P2-w0.7 fire/seq-03 f1000 s0
  [18:42:02] GPU2 P2-w0.7 fire/seq-03 f1000 s1
  [18:42:02] GPU3 P2-w0.7 fire/seq-03 f1000 s2
  [skip] P2-w0.7 chess/seq-03 f1000 s4 (exists)
  [skip] P2-w0.7 fire/seq-03 f1000 s0 (exists)
  [skip] P2-w0.7 fire/seq-03 f1000 s2 (exists)
  [skip] P2-w0.7 fire/seq-03 f1000 s1 (exists)
  [18:42:02] GPU0 P2-w0.7 fire/seq-03 f1000 s3
  [18:42:02] GPU1 P2-w0.7 fire/seq-03 f1000 s4
  [18:42:02] GPU2 P2-w0.7 office/seq-03 f1000 s0
  [18:42:02] GPU3 P2-w0.7 office/seq-03 f1000 s1
  [21:32:55] GPU0 P2-w0.7 office/seq-03 f1000 s2
  [21:32:55] GPU1 P2-w0.7 office/seq-03 f1000 s3
  [21:32:55] GPU2 P2-w0.7 office/seq-03 f1000 s4
  [21:32:55] GPU3 P2-w0.7 redkitchen/seq-03 f1000 s0
  [skip] P2-w0.7 office/seq-03 f1000 s2 (exists)
  [skip] P2-w0.7 office/seq-03 f1000 s3 (exists)
  [skip] P2-w0.7 office/seq-03 f1000 s4 (exists)
  [skip] P2-w0.7 redkitchen/seq-03 f1000 s0 (exists)
  [21:32:55] GPU0 P2-w0.7 redkitchen/seq-03 f1000 s1
  [21:32:55] GPU1 P2-w0.7 redkitchen/seq-03 f1000 s2
  [21:32:55] GPU2 P2-w0.7 redkitchen/seq-03 f1000 s3
  [21:32:55] GPU3 P2-w0.7 redkitchen/seq-03 f1000 s4
  [skip] P2-w0.7 redkitchen/seq-03 f1000 s1 (exists)
  [skip] P2-w0.7 redkitchen/seq-03 f1000 s3 (exists)
  [skip] P2-w0.7 redkitchen/seq-03 f1000 s2 (exists)
  [skip] P2-w0.7 redkitchen/seq-03 f1000 s4 (exists)
[p2-f1000] done. f1000 JSONs: 60
