[p2] 120 runs target on 4 5 6 7 (weights: P2-w0.3 P2-w0.5 P2-w0.7; resumable)
=== P2 frame tier: 500f ===
  [09:25:38] GPU4 P2-w0.3 chess/seq-03 f500 s0
  [09:25:38] GPU5 P2-w0.3 chess/seq-03 f500 s1
  [09:25:38] GPU6 P2-w0.3 chess/seq-03 f500 s2
  [09:25:38] GPU7 P2-w0.3 chess/seq-03 f500 s3
  [09:34:02] GPU4 P2-w0.3 chess/seq-03 f500 s4
  [09:34:02] GPU5 P2-w0.3 fire/seq-03 f500 s0
  [09:34:02] GPU6 P2-w0.3 fire/seq-03 f500 s1
  [09:34:02] GPU7 P2-w0.3 fire/seq-03 f500 s2
  [09:48:43] GPU4 P2-w0.3 fire/seq-03 f500 s3
  [09:48:43] GPU5 P2-w0.3 fire/seq-03 f500 s4
  [09:48:43] GPU6 P2-w0.3 office/seq-03 f500 s0
  [09:48:43] GPU7 P2-w0.3 office/seq-03 f500 s1
  [10:04:02] GPU4 P2-w0.3 office/seq-03 f500 s2
  [10:04:02] GPU5 P2-w0.3 office/seq-03 f500 s3
  [10:04:02] GPU6 P2-w0.3 office/seq-03 f500 s4
  [10:04:02] GPU7 P2-w0.3 redkitchen/seq-03 f500 s0
  [10:19:05] GPU4 P2-w0.3 redkitchen/seq-03 f500 s1
  [10:19:05] GPU5 P2-w0.3 redkitchen/seq-03 f500 s2
  [10:19:05] GPU6 P2-w0.3 redkitchen/seq-03 f500 s3
  [10:19:05] GPU7 P2-w0.3 redkitchen/seq-03 f500 s4
  [10:35:49] GPU4 P2-w0.5 chess/seq-03 f500 s0
  [10:35:49] GPU5 P2-w0.5 chess/seq-03 f500 s1
  [10:35:49] GPU6 P2-w0.5 chess/seq-03 f500 s2
  [10:35:49] GPU7 P2-w0.5 chess/seq-03 f500 s3
  [10:51:09] GPU4 P2-w0.5 chess/seq-03 f500 s4
  [10:51:09] GPU5 P2-w0.5 fire/seq-03 f500 s0
  [10:51:09] GPU6 P2-w0.5 fire/seq-03 f500 s1
  [10:51:09] GPU7 P2-w0.5 fire/seq-03 f500 s2
  [11:06:20] GPU4 P2-w0.5 fire/seq-03 f500 s3
  [11:06:20] GPU5 P2-w0.5 fire/seq-03 f500 s4
  [11:06:20] GPU6 P2-w0.5 office/seq-03 f500 s0
  [11:06:20] GPU7 P2-w0.5 office/seq-03 f500 s1
  [11:26:02] GPU4 P2-w0.5 office/seq-03 f500 s2
  [11:26:02] GPU5 P2-w0.5 office/seq-03 f500 s3
  [11:26:02] GPU6 P2-w0.5 office/seq-03 f500 s4
  [11:26:02] GPU7 P2-w0.5 redkitchen/seq-03 f500 s0
  [11:41:27] GPU4 P2-w0.5 redkitchen/seq-03 f500 s1
  [11:41:27] GPU5 P2-w0.5 redkitchen/seq-03 f500 s2
  [11:41:27] GPU6 P2-w0.5 redkitchen/seq-03 f500 s3
  [11:41:27] GPU7 P2-w0.5 redkitchen/seq-03 f500 s4
  [11:57:55] GPU4 P2-w0.7 chess/seq-03 f500 s0
  [11:57:55] GPU5 P2-w0.7 chess/seq-03 f500 s1
  [11:57:55] GPU6 P2-w0.7 chess/seq-03 f500 s2
  [11:57:55] GPU7 P2-w0.7 chess/seq-03 f500 s3
  [12:16:58] GPU4 P2-w0.7 chess/seq-03 f500 s4
  [12:16:58] GPU5 P2-w0.7 fire/seq-03 f500 s0
  [12:16:58] GPU6 P2-w0.7 fire/seq-03 f500 s1
  [12:16:58] GPU7 P2-w0.7 fire/seq-03 f500 s2
  [12:32:18] GPU4 P2-w0.7 fire/seq-03 f500 s3
  [12:32:18] GPU5 P2-w0.7 fire/seq-03 f500 s4
  [12:32:18] GPU6 P2-w0.7 office/seq-03 f500 s0
  [12:32:18] GPU7 P2-w0.7 office/seq-03 f500 s1
  [12:46:33] GPU4 P2-w0.7 office/seq-03 f500 s2
  [12:46:33] GPU5 P2-w0.7 office/seq-03 f500 s3
  [12:46:33] GPU6 P2-w0.7 office/seq-03 f500 s4
  [12:46:33] GPU7 P2-w0.7 redkitchen/seq-03 f500 s0
  [13:05:35] GPU4 P2-w0.7 redkitchen/seq-03 f500 s1
  [13:05:35] GPU5 P2-w0.7 redkitchen/seq-03 f500 s2
  [13:05:35] GPU6 P2-w0.7 redkitchen/seq-03 f500 s3
  [13:05:35] GPU7 P2-w0.7 redkitchen/seq-03 f500 s4
=== P2 500f tier complete: 60 JSONs present ===
=== P2 frame tier: 1000f ===
  [13:20:28] GPU4 P2-w0.3 chess/seq-03 f1000 s0
  [13:20:28] GPU5 P2-w0.3 chess/seq-03 f1000 s1
  [13:20:28] GPU6 P2-w0.3 chess/seq-03 f1000 s2
  [13:20:28] GPU7 P2-w0.3 chess/seq-03 f1000 s3
  [skip] P2-w0.3 chess/seq-03 f1000 s0 (exists)
  [skip] P2-w0.3 chess/seq-03 f1000 s1 (exists)
  [skip] P2-w0.3 chess/seq-03 f1000 s2 (exists)
  [skip] P2-w0.3 chess/seq-03 f1000 s3 (exists)
  [13:20:28] GPU4 P2-w0.3 chess/seq-03 f1000 s4
  [13:20:28] GPU5 P2-w0.3 fire/seq-03 f1000 s0
  [13:20:28] GPU6 P2-w0.3 fire/seq-03 f1000 s1
  [13:20:28] GPU7 P2-w0.3 fire/seq-03 f1000 s2
  [skip] P2-w0.3 chess/seq-03 f1000 s4 (exists)
  [skip] P2-w0.3 fire/seq-03 f1000 s1 (exists)
  [skip] P2-w0.3 fire/seq-03 f1000 s0 (exists)
  [skip] P2-w0.3 fire/seq-03 f1000 s2 (exists)
  [13:20:28] GPU4 P2-w0.3 fire/seq-03 f1000 s3
  [13:20:28] GPU5 P2-w0.3 fire/seq-03 f1000 s4
  [13:20:28] GPU6 P2-w0.3 office/seq-03 f1000 s0
  [13:20:28] GPU7 P2-w0.3 office/seq-03 f1000 s1
  [skip] P2-w0.3 fire/seq-03 f1000 s4 (exists)
  [skip] P2-w0.3 office/seq-03 f1000 s0 (exists)
  [skip] P2-w0.3 fire/seq-03 f1000 s3 (exists)
  [skip] P2-w0.3 office/seq-03 f1000 s1 (exists)
  [13:20:28] GPU4 P2-w0.3 office/seq-03 f1000 s2
  [13:20:28] GPU5 P2-w0.3 office/seq-03 f1000 s3
  [13:20:28] GPU6 P2-w0.3 office/seq-03 f1000 s4
  [13:20:28] GPU7 P2-w0.3 redkitchen/seq-03 f1000 s0
  [skip] P2-w0.3 office/seq-03 f1000 s2 (exists)
  [skip] P2-w0.3 redkitchen/seq-03 f1000 s0 (exists)
  [skip] P2-w0.3 office/seq-03 f1000 s3 (exists)
  [skip] P2-w0.3 office/seq-03 f1000 s4 (exists)
  [13:20:28] GPU4 P2-w0.3 redkitchen/seq-03 f1000 s1
  [13:20:28] GPU5 P2-w0.3 redkitchen/seq-03 f1000 s2
  [13:20:28] GPU6 P2-w0.3 redkitchen/seq-03 f1000 s3
  [13:20:28] GPU7 P2-w0.3 redkitchen/seq-03 f1000 s4
  [14:03:09] GPU4 P2-w0.5 chess/seq-03 f1000 s0
  [14:03:09] GPU5 P2-w0.5 chess/seq-03 f1000 s1
  [14:03:09] GPU6 P2-w0.5 chess/seq-03 f1000 s2
  [14:03:09] GPU7 P2-w0.5 chess/seq-03 f1000 s3
  [14:46:55] GPU4 P2-w0.5 chess/seq-03 f1000 s4
  [14:46:55] GPU5 P2-w0.5 fire/seq-03 f1000 s0
  [14:46:55] GPU6 P2-w0.5 fire/seq-03 f1000 s1
  [14:46:55] GPU7 P2-w0.5 fire/seq-03 f1000 s2
  [15:30:11] GPU4 P2-w0.5 fire/seq-03 f1000 s3
  [15:30:11] GPU5 P2-w0.5 fire/seq-03 f1000 s4
  [15:30:11] GPU6 P2-w0.5 office/seq-03 f1000 s0
  [15:30:11] GPU7 P2-w0.5 office/seq-03 f1000 s1
  [skip] P2-w0.5 fire/seq-03 f1000 s3 (exists)
  [skip] P2-w0.5 fire/seq-03 f1000 s4 (exists)
  [skip] P2-w0.5 office/seq-03 f1000 s1 (exists)
  [skip] P2-w0.5 office/seq-03 f1000 s0 (exists)
  [15:30:11] GPU4 P2-w0.5 office/seq-03 f1000 s2
  [15:30:11] GPU5 P2-w0.5 office/seq-03 f1000 s3
  [15:30:11] GPU6 P2-w0.5 office/seq-03 f1000 s4
  [15:30:11] GPU7 P2-w0.5 redkitchen/seq-03 f1000 s0
  [16:17:47] GPU4 P2-w0.5 redkitchen/seq-03 f1000 s1
  [16:17:47] GPU5 P2-w0.5 redkitchen/seq-03 f1000 s2
  [16:17:47] GPU6 P2-w0.5 redkitchen/seq-03 f1000 s3
  [16:17:47] GPU7 P2-w0.5 redkitchen/seq-03 f1000 s4
  [skip] P2-w0.5 redkitchen/seq-03 f1000 s1 (exists)
  [17:21:25] GPU4 P2-w0.7 chess/seq-03 f1000 s0
  [17:21:25] GPU5 P2-w0.7 chess/seq-03 f1000 s1
  [17:21:25] GPU6 P2-w0.7 chess/seq-03 f1000 s2
  [17:21:25] GPU7 P2-w0.7 chess/seq-03 f1000 s3
  [18:04:16] GPU4 P2-w0.7 chess/seq-03 f1000 s4
  [18:04:16] GPU5 P2-w0.7 fire/seq-03 f1000 s0
  [18:04:16] GPU6 P2-w0.7 fire/seq-03 f1000 s1
  [18:04:16] GPU7 P2-w0.7 fire/seq-03 f1000 s2
  [18:47:38] GPU4 P2-w0.7 fire/seq-03 f1000 s3
  [18:47:38] GPU5 P2-w0.7 fire/seq-03 f1000 s4
  [18:47:38] GPU6 P2-w0.7 office/seq-03 f1000 s0
  [18:47:38] GPU7 P2-w0.7 office/seq-03 f1000 s1
  [19:30:33] GPU4 P2-w0.7 office/seq-03 f1000 s2
  [19:30:33] GPU5 P2-w0.7 office/seq-03 f1000 s3
  [19:30:33] GPU6 P2-w0.7 office/seq-03 f1000 s4
  [19:30:33] GPU7 P2-w0.7 redkitchen/seq-03 f1000 s0
  [20:13:49] GPU4 P2-w0.7 redkitchen/seq-03 f1000 s1
  [20:13:49] GPU5 P2-w0.7 redkitchen/seq-03 f1000 s2
  [20:13:49] GPU6 P2-w0.7 redkitchen/seq-03 f1000 s3
  [20:13:49] GPU7 P2-w0.7 redkitchen/seq-03 f1000 s4
=== P2 1000f tier complete: 60 JSONs present ===
[p2] done. Results in tools/p1_ablation_results_lyj/
