[lvf-pool] 72 combos across 4 GPUs (GPU 4 5 6 7); resumable
  [GPU6 skip] legacy chess/seq-03 f200 s2
  [GPU4 skip] legacy chess/seq-03 f200 s0
  [GPU7 skip] legacy fire/seq-03 f200 s0
  [GPU5 skip] legacy chess/seq-03 f200 s1
  [GPU4 skip] legacy fire/seq-03 f200 s1
  [GPU6 skip] legacy office/seq-03 f200 s0
  [GPU5 skip] legacy fire/seq-03 f200 s2
  [GPU7 skip] legacy office/seq-03 f200 s1
  [GPU6 skip] legacy redkitchen/seq-03 f200 s1
  [GPU4 skip] legacy office/seq-03 f200 s2
  [GPU5 skip] legacy redkitchen/seq-03 f200 s0
  [GPU7 skip] legacy redkitchen/seq-03 f200 s2
  [GPU5 skip] frontend chess/seq-03 f200 s1
  [GPU4 skip] frontend chess/seq-03 f200 s0
  [GPU6 skip] frontend chess/seq-03 f200 s2
  [GPU7 skip] frontend fire/seq-03 f200 s0
  [GPU4 14:11:46] frontend fire/seq-03 f200 s1
  [GPU6 14:11:46] frontend office/seq-03 f200 s0
  [GPU5 skip] frontend fire/seq-03 f200 s2
  [GPU7 skip] frontend office/seq-03 f200 s1
  [GPU5 skip] frontend redkitchen/seq-03 f200 s0
  [GPU7 skip] frontend redkitchen/seq-03 f200 s2
  [GPU7 14:11:46] legacy fire/seq-03 f500 s0
  [GPU5 14:11:46] legacy chess/seq-03 f500 s1
  [GPU4 skip] frontend office/seq-03 f200 s2
  [GPU4 skip] legacy chess/seq-03 f500 s0
  [GPU4 14:14:59] legacy fire/seq-03 f500 s1
  [GPU6 skip] frontend redkitchen/seq-03 f200 s1
  [GPU6 14:15:00] legacy chess/seq-03 f500 s2
  [GPU7 14:15:40] legacy office/seq-03 f500 s1
  [GPU5 14:15:49] legacy fire/seq-03 f500 s2
  [GPU4 14:18:02] legacy office/seq-03 f500 s2
  [GPU6 14:18:03] legacy office/seq-03 f500 s0
  [GPU7 14:18:43] legacy redkitchen/seq-03 f500 s2
  [GPU5 14:18:51] legacy redkitchen/seq-03 f500 s0
  [GPU6 14:21:05] legacy redkitchen/seq-03 f500 s1
  [GPU4 14:21:06] frontend chess/seq-03 f500 s0
  [GPU7 14:21:46] frontend fire/seq-03 f500 s0
  [GPU5 14:21:55] frontend chess/seq-03 f500 s1
  [GPU6 14:24:08] frontend chess/seq-03 f500 s2
  [GPU4 14:27:20] frontend fire/seq-03 f500 s1
  [GPU7 14:28:11] frontend office/seq-03 f500 s1
  [GPU5 14:28:15] frontend fire/seq-03 f500 s2
  [GPU6 14:30:32] frontend office/seq-03 f500 s0
  [GPU4 14:33:38] frontend office/seq-03 f500 s2
  [GPU7 14:34:28] frontend redkitchen/seq-03 f500 s2
  [GPU5 14:34:34] frontend redkitchen/seq-03 f500 s0
